To honour the JVM settings for this build a single-use Daemon process will be forked. For more on this, please refer to https://docs.gradle.org/8.14.4/userguide/gradle_daemon.html#sec:disabling_the_daemon in the Gradle documentation.
Daemon will be stopped at the end of the build 
Configuration on demand is an incubating feature.
Type-safe project accessors is an incubating feature.
> Task :buildSrc:checkKotlinGradlePluginConfigurationErrors SKIPPED
> Task :buildSrc:generateExternalPluginSpecBuilders UP-TO-DATE
> Task :buildSrc:extractPrecompiledScriptPluginPlugins UP-TO-DATE
> Task :buildSrc:compilePluginsBlocks UP-TO-DATE
> Task :buildSrc:generatePrecompiledScriptPluginAccessors UP-TO-DATE
> Task :buildSrc:generateScriptPluginAdapters UP-TO-DATE
> Task :buildSrc:compileKotlin UP-TO-DATE
> Task :buildSrc:compileJava NO-SOURCE
> Task :buildSrc:compileGroovy NO-SOURCE
> Task :buildSrc:pluginDescriptors UP-TO-DATE
> Task :buildSrc:processResources UP-TO-DATE
> Task :buildSrc:classes UP-TO-DATE
> Task :buildSrc:jar UP-TO-DATE
> Task :presentation-core:preBuild UP-TO-DATE
> Task :i18n-novel:generateLocalesConfig UP-TO-DATE
> Task :core:common:preBuild UP-TO-DATE
> Task :domain:preBuild UP-TO-DATE
> Task :data:preBuild UP-TO-DATE
> Task :i18n:generateLocalesConfig UP-TO-DATE
> Task :app:checkKotlinGradlePluginConfigurationErrors SKIPPED
> Task :presentation-widget:preBuild UP-TO-DATE
> Task :core:archive:preBuild UP-TO-DATE
> Task :telemetry:preBuild UP-TO-DATE
> Task :presentation-core:preDebugBuild UP-TO-DATE
> Task :source-local:preBuild UP-TO-DATE
> Task :app:preBuild UP-TO-DATE
> Task :source-api:preBuild UP-TO-DATE
> Task :domain:preDebugBuild UP-TO-DATE
> Task :core-metadata:preBuild UP-TO-DATE
> Task :source-api:preDebugBuild UP-TO-DATE
> Task :data:preDebugBuild UP-TO-DATE
> Task :telemetry:preDebugBuild UP-TO-DATE
> Task :core:archive:preDebugBuild UP-TO-DATE
> Task :core:common:preDebugBuild UP-TO-DATE
> Task :source-local:preDebugBuild UP-TO-DATE
> Task :presentation-widget:preDebugBuild UP-TO-DATE
> Task :core-metadata:preDebugBuild UP-TO-DATE
> Task :app:preDebugBuild UP-TO-DATE
> Task :domain:generateDebugResValues UP-TO-DATE
> Task :data:generateDebugResValues UP-TO-DATE
> Task :presentation-core:generateDebugResValues UP-TO-DATE
> Task :telemetry:generateDebugResValues UP-TO-DATE
> Task :source-local:generateDebugResValues UP-TO-DATE
> Task :core:archive:generateDebugResValues UP-TO-DATE
> Task :core:common:generateDebugResValues UP-TO-DATE
> Task :presentation-widget:generateDebugResValues UP-TO-DATE
> Task :source-api:generateDebugResValues UP-TO-DATE
> Task :core-metadata:generateDebugResValues UP-TO-DATE
> Task :domain:generateDebugResources UP-TO-DATE
> Task :source-local:generateDebugResources UP-TO-DATE
> Task :core:common:generateDebugResources UP-TO-DATE
> Task :core-metadata:generateDebugResources UP-TO-DATE
> Task :core:archive:generateDebugResources UP-TO-DATE
> Task :data:generateDebugResources UP-TO-DATE
> Task :telemetry:generateDebugResources UP-TO-DATE
> Task :presentation-widget:generateDebugResources UP-TO-DATE
> Task :presentation-core:generateDebugResources UP-TO-DATE
> Task :source-api:generateDebugResources UP-TO-DATE
> Task :telemetry:packageDebugResources UP-TO-DATE
> Task :core:archive:packageDebugResources UP-TO-DATE
> Task :domain:packageDebugResources UP-TO-DATE
> Task :source-local:packageDebugResources UP-TO-DATE
> Task :core:common:packageDebugResources UP-TO-DATE
> Task :data:packageDebugResources UP-TO-DATE
> Task :core-metadata:packageDebugResources UP-TO-DATE
> Task :presentation-core:writeDebugAarMetadata UP-TO-DATE
> Task :source-api:writeDebugAarMetadata UP-TO-DATE
> Task :core:archive:writeDebugAarMetadata UP-TO-DATE
> Task :domain:writeDebugAarMetadata UP-TO-DATE
> Task :core:archive:processDebugNavigationResources UP-TO-DATE
> Task :domain:processDebugNavigationResources UP-TO-DATE
> Task :source-api:packageDebugResources UP-TO-DATE
> Task :core:archive:extractDeepLinksDebug UP-TO-DATE
> Task :data:writeDebugAarMetadata UP-TO-DATE
> Task :telemetry:writeDebugAarMetadata UP-TO-DATE
> Task :domain:extractDeepLinksDebug UP-TO-DATE
> Task :source-local:writeDebugAarMetadata UP-TO-DATE
> Task :core:common:writeDebugAarMetadata UP-TO-DATE
> Task :data:processDebugNavigationResources UP-TO-DATE
> Task :telemetry:processDebugNavigationResources UP-TO-DATE
> Task :source-api:processDebugNavigationResources UP-TO-DATE
> Task :i18n:generateMRcommonMain UP-TO-DATE
> Task :core-metadata:writeDebugAarMetadata UP-TO-DATE
> Task :presentation-core:packageDebugResources UP-TO-DATE
> Task :source-local:processDebugNavigationResources UP-TO-DATE
> Task :source-api:extractDeepLinksDebug UP-TO-DATE
> Task :data:extractDeepLinksDebug UP-TO-DATE
> Task :i18n:generateMRandroidDebug SKIPPED
> Task :telemetry:extractDeepLinksDebug UP-TO-DATE
> Task :core:archive:processDebugManifest UP-TO-DATE
> Task :core:common:processDebugNavigationResources UP-TO-DATE
> Task :presentation-core:processDebugNavigationResources UP-TO-DATE
> Task :core-metadata:processDebugNavigationResources UP-TO-DATE
> Task :domain:processDebugManifest UP-TO-DATE
> Task :source-local:extractDeepLinksDebug UP-TO-DATE
> Task :core-metadata:extractDeepLinksDebug UP-TO-DATE
> Task :core:common:extractDeepLinksDebug UP-TO-DATE
> Task :presentation-core:extractDeepLinksDebug UP-TO-DATE
> Task :i18n:generateMRandroidInstrumentedTest UP-TO-DATE
> Task :i18n:generateMRandroidInstrumentedTestDebug SKIPPED
> Task :source-api:processDebugManifest UP-TO-DATE
> Task :domain:parseDebugLocalResources UP-TO-DATE
> Task :core:archive:parseDebugLocalResources UP-TO-DATE
> Task :domain:compileDebugLibraryResources UP-TO-DATE
> Task :data:processDebugManifest UP-TO-DATE
> Task :domain:checkKotlinGradlePluginConfigurationErrors SKIPPED
> Task :domain:javaPreCompileDebug UP-TO-DATE
> Task :presentation-widget:packageDebugResources UP-TO-DATE
> Task :source-local:processDebugManifest UP-TO-DATE
> Task :core:common:processDebugManifest UP-TO-DATE
> Task :core-metadata:processDebugManifest UP-TO-DATE
> Task :source-api:parseDebugLocalResources UP-TO-DATE
> Task :presentation-core:processDebugManifest UP-TO-DATE
> Task :telemetry:processDebugManifest UP-TO-DATE
> Task :source-api:compileDebugLibraryResources UP-TO-DATE
> Task :data:compileDebugLibraryResources UP-TO-DATE
> Task :core-metadata:compileDebugLibraryResources UP-TO-DATE
> Task :telemetry:compileDebugLibraryResources UP-TO-DATE
> Task :presentation-core:compileDebugLibraryResources UP-TO-DATE
> Task :source-local:compileDebugLibraryResources UP-TO-DATE
> Task :presentation-widget:writeDebugAarMetadata UP-TO-DATE
> Task :presentation-core:parseDebugLocalResources UP-TO-DATE
> Task :data:parseDebugLocalResources UP-TO-DATE
> Task :core:common:parseDebugLocalResources UP-TO-DATE
> Task :core-metadata:parseDebugLocalResources UP-TO-DATE
> Task :data:checkKotlinGradlePluginConfigurationErrors SKIPPED
> Task :presentation-widget:processDebugNavigationResources UP-TO-DATE
> Task :core-metadata:checkKotlinGradlePluginConfigurationErrors SKIPPED
> Task :presentation-core:checkKotlinGradlePluginConfigurationErrors SKIPPED
> Task :core-metadata:javaPreCompileDebug UP-TO-DATE
> Task :presentation-widget:extractDeepLinksDebug UP-TO-DATE
> Task :presentation-core:javaPreCompileDebug UP-TO-DATE
> Task :telemetry:parseDebugLocalResources UP-TO-DATE
> Task :source-local:parseDebugLocalResources UP-TO-DATE
> Task :presentation-widget:processDebugManifest UP-TO-DATE
> Task :telemetry:generateDebugRFile UP-TO-DATE
> Task :telemetry:checkKotlinGradlePluginConfigurationErrors SKIPPED
> Task :core:archive:generateDebugRFile UP-TO-DATE
> Task :presentation-widget:compileDebugLibraryResources UP-TO-DATE
> Task :core:archive:compileDebugLibraryResources UP-TO-DATE
> Task :core:archive:checkKotlinGradlePluginConfigurationErrors SKIPPED
> Task :presentation-widget:parseDebugLocalResources UP-TO-DATE
> Task :presentation-widget:checkKotlinGradlePluginConfigurationErrors SKIPPED
> Task :source-api:kmpPartiallyResolvedDependenciesChecker
> Task :source-local:kmpPartiallyResolvedDependenciesChecker
> Task :source-api:checkKotlinGradlePluginConfigurationErrors SKIPPED
> Task :source-local:checkKotlinGradlePluginConfigurationErrors SKIPPED
> Task :presentation-widget:javaPreCompileDebug UP-TO-DATE
> Task :source-local:javaPreCompileDebug UP-TO-DATE
> Task :core:common:compileDebugLibraryResources UP-TO-DATE
> Task :core:common:checkKotlinGradlePluginConfigurationErrors SKIPPED
> Task :i18n:generateMRandroidMain UP-TO-DATE
> Task :source-api:javaPreCompileDebug UP-TO-DATE
> Task :i18n:generateMRandroidRelease SKIPPED
> Task :core:common:javaPreCompileDebug UP-TO-DATE
> Task :i18n-novel:generateMRcommonMain FROM-CACHE
> Task :i18n-novel:generateMRandroidDebug SKIPPED
> Task :i18n:generateMRcommonTest UP-TO-DATE
> Task :i18n-novel:generateMRandroidInstrumentedTest UP-TO-DATE
> Task :i18n-novel:generateMRandroidInstrumentedTestDebug SKIPPED
> Task :i18n:generateMRandroidUnitTest UP-TO-DATE
> Task :i18n:generateMRandroidUnitTestDebug SKIPPED
> Task :i18n:generateMRandroidUnitTestRelease SKIPPED
> Task :i18n:preBuild UP-TO-DATE
> Task :i18n:preDebugBuild UP-TO-DATE
> Task :i18n:generateDebugResValues UP-TO-DATE
> Task :i18n:generateDebugResources UP-TO-DATE
> Task :i18n-novel:generateMRandroidMain FROM-CACHE
> Task :i18n-novel:generateMRandroidRelease SKIPPED
> Task :data:javaPreCompileDebug UP-TO-DATE
> Task :i18n-novel:generateMRcommonTest UP-TO-DATE
> Task :i18n:packageDebugResources UP-TO-DATE
> Task :i18n-novel:generateMRandroidUnitTest UP-TO-DATE
> Task :i18n-novel:generateMRandroidUnitTestDebug SKIPPED
> Task :i18n-novel:generateMRandroidUnitTestRelease SKIPPED
> Task :i18n-novel:preBuild UP-TO-DATE
> Task :i18n-novel:preDebugBuild UP-TO-DATE
> Task :i18n:writeDebugAarMetadata UP-TO-DATE
> Task :i18n-novel:generateDebugResValues UP-TO-DATE
> Task :i18n:processDebugNavigationResources UP-TO-DATE
> Task :i18n:extractDeepLinksDebug UP-TO-DATE
> Task :i18n-novel:generateDebugResources FROM-CACHE
> Task :i18n:processDebugManifest UP-TO-DATE
> Task :i18n:parseDebugLocalResources UP-TO-DATE
> Task :telemetry:compileDebugKotlin UP-TO-DATE
> Task :telemetry:javaPreCompileDebug UP-TO-DATE
> Task :core:archive:compileDebugKotlin UP-TO-DATE
> Task :telemetry:compileDebugJavaWithJavac NO-SOURCE
> Task :core:archive:javaPreCompileDebug UP-TO-DATE
> Task :telemetry:bundleLibCompileToJarDebug UP-TO-DATE
> Task :core:archive:compileDebugJavaWithJavac NO-SOURCE
> Task :core:archive:bundleLibCompileToJarDebug UP-TO-DATE
> Task :i18n-novel:packageDebugResources FROM-CACHE
> Task :i18n-novel:writeDebugAarMetadata UP-TO-DATE
> Task :i18n-novel:processDebugNavigationResources FROM-CACHE
> Task :i18n-novel:extractDeepLinksDebug UP-TO-DATE
> Task :i18n-novel:processDebugManifest UP-TO-DATE
> Task :i18n:generateDebugRFile UP-TO-DATE
> Task :i18n:compileDebugLibraryResources UP-TO-DATE
> Task :i18n:kmpPartiallyResolvedDependenciesChecker
> Task :i18n:checkKotlinGradlePluginConfigurationErrors SKIPPED
> Task :i18n-novel:parseDebugLocalResources FROM-CACHE
> Task :i18n-novel:generateDebugRFile FROM-CACHE
> Task :i18n-novel:compileDebugLibraryResources FROM-CACHE
> Task :i18n-novel:kmpPartiallyResolvedDependenciesChecker
> Task :i18n-novel:checkKotlinGradlePluginConfigurationErrors SKIPPED
> Task :i18n:compileDebugKotlinAndroid UP-TO-DATE
> Task :i18n:javaPreCompileDebug UP-TO-DATE
> Task :i18n:compileDebugJavaWithJavac NO-SOURCE
> Task :i18n:bundleLibCompileToJarDebug UP-TO-DATE
> Task :i18n-novel:compileDebugKotlinAndroid FROM-CACHE
> Task :i18n-novel:javaPreCompileDebug UP-TO-DATE
> Task :i18n-novel:compileDebugJavaWithJavac NO-SOURCE
> Task :core:common:generateDebugRFile FROM-CACHE
> Task :i18n-novel:bundleLibCompileToJarDebug
> Task :source-api:generateDebugRFile FROM-CACHE
> Task :core-metadata:generateDebugRFile FROM-CACHE
> Task :domain:generateDebugRFile FROM-CACHE
> Task :source-local:generateDebugRFile FROM-CACHE
> Task :data:generateDebugRFile FROM-CACHE
> Task :presentation-core:generateDebugRFile FROM-CACHE
> Task :app:compileDebugAidl UP-TO-DATE
> Task :presentation-widget:generateDebugRFile FROM-CACHE
> Task :app:dataBindingMergeDependencyArtifactsDebug UP-TO-DATE
> Task :app:generateDebugResValues UP-TO-DATE
> Task :app:generateDebugResources UP-TO-DATE
> Task :app:prepareDebugShortcutXML UP-TO-DATE
> Task :app:prepareLibraryDefinitionsDebug UP-TO-DATE
> Task :core:common:compileDebugKotlin FROM-CACHE
> Task :core:common:compileDebugJavaWithJavac NO-SOURCE
> Task :core:common:bundleLibCompileToJarDebug
> Task :source-api:compileDebugKotlinAndroid FROM-CACHE
> Task :source-api:compileDebugJavaWithJavac NO-SOURCE
> Task :source-api:bundleLibCompileToJarDebug
> Task :app:mergeDebugResources FROM-CACHE
> Task :presentation-core:compileDebugKotlin FROM-CACHE
> Task :presentation-core:compileDebugJavaWithJavac NO-SOURCE
> Task :app:dataBindingGenBaseClassesDebug UP-TO-DATE
> Task :presentation-core:bundleLibCompileToJarDebug
> Task :app:generateDebugBuildConfig
> Task :core-metadata:compileDebugKotlin FROM-CACHE
> Task :core-metadata:compileDebugJavaWithJavac NO-SOURCE
> Task :core-metadata:bundleLibCompileToJarDebug
> Task :app:checkDebugAarMetadata UP-TO-DATE
> Task :app:processDebugNavigationResources UP-TO-DATE
> Task :app:compileDebugNavigationResources UP-TO-DATE
> Task :app:mapDebugSourceSetPaths
> Task :app:createDebugCompatibleScreenManifests UP-TO-DATE
> Task :app:extractDeepLinksDebug UP-TO-DATE
> Task :app:processDebugMainManifest UP-TO-DATE
> Task :app:processDebugManifest UP-TO-DATE
> Task :app:processDebugManifestForPackage UP-TO-DATE
> Task :data:generateDebugDatabaseInterface
> Task :domain:compileDebugKotlin
> Task :domain:compileDebugJavaWithJavac NO-SOURCE
> Task :domain:bundleLibCompileToJarDebug
> Task :app:processDebugResources
> Task :presentation-widget:compileDebugKotlin
> Task :presentation-widget:compileDebugJavaWithJavac NO-SOURCE
> Task :presentation-widget:bundleLibCompileToJarDebug
> Task :source-local:compileDebugKotlinAndroid
> Task :source-local:compileDebugJavaWithJavac NO-SOURCE
> Task :source-local:bundleLibCompileToJarDebug

> Task :data:compileDebugKotlin
w: file:///C:/Users/oussama/StudioProjects/tsundoku/data/src/main/java/tachiyomi/data/AndroidDatabaseHandler.kt:77:18 This declaration is in a preview state and can be changed in a backwards-incompatible manner with a best-effort migration. Its usage should be marked with '@kotlinx.coroutines.FlowPreview' or '@OptIn(kotlinx.coroutines.FlowPreview::class)' if you accept the drawback of relying on preview API

> Task :data:compileDebugJavaWithJavac NO-SOURCE
> Task :data:bundleLibCompileToJarDebug
> Task :app:compileDebugKotlin
.\gradlew.bat : e: file:///C:/Users/oussama/StudioProjects/tsundoku/app/src/mai
n/java/eu/kanade/tachiyomi/data/epub/EpubExportJob.kt:328:40 Too many 
arguments for 'constructor(): EpubWriter'.
At line:1 char:1
+ .\gradlew.bat :app:compileDebugKotlin --no-daemon 2>&1 | Tee-Object - ...
+ ~~~~~~~~~~~~~~~~~~~~~~~~~~~~~~~~~~~~~~~~~~~~~~~~~~~~~~
    + CategoryInfo          : NotSpecified: (e: file:///C:/U...): EpubWriter'. 
   :String) [], RemoteException
    + FullyQualifiedErrorId : NativeCommandError
 
e: file:///C:/Users/oussama/StudioProjects/tsundoku/app/src/main/java/eu/kanade
/tachiyomi/data/translation/TranslationService.kt:315:36 Unresolved reference 
'smartAutoTranslate'.
e: file:///C:/Users/oussama/StudioProjects/tsundoku/app/src/main/java/eu/kanade
/tachiyomi/data/translation/TranslationService.kt:333:69 Unresolved reference 
'smartAutoTranslate'.
e: file:///C:/Users/oussama/StudioProjects/tsundoku/app/src/main/java/eu/kanade
/tachiyomi/ui/library/LibraryScreenModel.kt:1285:39 Unresolved reference 
'translationMode'.
e: file:///C:/Users/oussama/StudioProjects/tsundoku/app/src/main/java/eu/kanade
/tachiyomi/ui/library/LibraryScreenModel.kt:1352:64 Unresolved reference 
'translationMode'.
e: file:///C:/Users/oussama/StudioProjects/tsundoku/app/src/main/java/eu/kanade
/tachiyomi/ui/library/LibraryScreenModel.kt:1380:41 Unresolved reference 
'translationMode'.
e: file:///C:/Users/oussama/StudioProjects/tsundoku/app/src/main/java/eu/kanade
/tachiyomi/ui/manga/MangaScreen.kt:380:37 Unresolved reference 
'saveTranslatedDetails'.
e: file:///C:/Users/oussama/StudioProjects/tsundoku/app/src/main/java/eu/kanade
/tachiyomi/ui/manga/MangaScreenModel.kt:1559:39 Unresolved reference 
'translationMode'.

> Task :app:compileDebugKotlin FAILED

FAILURE: Build failed with an exception.

* What went wrong:
Execution failed for task ':app:compileDebugKotlin'.
> A failure occurred while executing org.jetbrains.kotlin.compilerRunner.Gradle
CompilerRunnerWithWorkers$GradleKotlinCompilerWorkAction
   > Compilation error. See log for more details

* Try:
> Run with --stacktrace option to get the stack trace.
> Run with --info or --debug option to get more log output.
> Run with --scan to get full insights.
> Get more help at https://help.gradle.org.

BUILD FAILED in 2m 13s
200 actionable tasks: 22 executed, 22 from cache, 156 up-to-date
